RAM Allocation [bytes]
Variable                                                                          Address   Size
------------------------------------------------------------------------------------------------
calibration_applied                                                               0x0460       1
ref_sensor_pulse_measurement_started                                              0x0461       1
ref_sensor_pulse_measurement_stopped                                              0x0462       1
measure_Q3_calib                                                                  0x0463       1
measure_Q2_calib                                                                  0x0464       1
accuracy_measurement                                                              0x0465       1
measure_Q3_calib_send_data                                                        0x0466       1
measure_Q2_calib_send_data                                                        0x0467       1
accuracy_measurement_send_data                                                    0x0468       1
pulse_is_detected                                                                 0x0469       1
calibration_changed                                                               0x046A       1
wd_monitoring                                                                     0x046B       1
wd_test                                                                           0x046C       1
serial_number_applied                                                             0x046D       1
min_max_cnt_cmd                                                                   0x046E       1
current_sample_min                                                                0x046F       1
current_sample_max                                                                0x0470       1
PulseWidthSettingApplied                                                          0x0471       1
cutt_off_changed                                                                  0x0472       1
start_fout_test                                                                   0x0473       1
stop_fout_test                                                                    0x0474       1
windowSizeChanged                                                                 0x0475       1
windowSize                                                                        0x0476       1
windowSizeTemp                                                                    0x0477       1
insert_idx                                                                        0x0478       1
respose_uart_activity                                                             0x0479       1
ep_positive_pulse_measurement                                                     0x047A       1
ep_negative_pulse_measurement                                                     0x047B       1
ep_check_cmd                                                                      0x047C       1
ep_change_diff_samples_limit_flag                                                 0x047D       1
ep_change_pulse_limit_flag                                                        0x047E       1
inverseSignCmd                                                                    0x047F       1
read_max_samples                                                                  0x0480       1
read_min_samples                                                                  0x0481       1
pulseWidthTemp                                                                    0x0482       1
generate_fout_test                                                                0x0483       1
dbi_final                                                                         0x0484       4
offset                                                                            0x0488       4
dbi_added_value                                                                   0x048C       4
gain                                                                              0x0490       4
pulse_duration_1                                                                  0x0494       4
dbi_Q3                                                                            0x0498       4
diff_Q3                                                                           0x049C       4
dbi_Q2                                                                            0x04A0       4
diff_Q2                                                                           0x04A4       4
sum_avg_sum_min                                                                   0x04A8       4
sum_avg_sum_max                                                                   0x04AC       4
sum_avg_curr_sum_max                                                              0x04B0       4
sum_avg_curr_sum_min                                                              0x04B4       4
avg_curr_sum_max                                                                  0x04B8       4
eeprom_avg_curr_sum_max                                                           0x04BC       4
cutt_off                                                                          0x04C0       4
signValue                                                                         0x04C4       1
pulseMaxValuesLimit                                                               0x04C5       2
diffSamplesLimit                                                                  0x04C7       2
ovf_timer0_cnt                                                                    0x04C9       4
pulse_edge_cnt                                                                    0x04CD       4
eeprom_serial_num                                                                 0x04D1       4
db_changed                                                                        0x04D5       1
pulseWidth                                                                        0x04D6       1
state                                                                             0x04D7       1
rx_buffer                                                                         0x04D8     250
rx_wr_index                                                                       0x05D2       1
rx_rd_index                                                                       0x05D3       1
rx_counter                                                                        0x05D4       1
state                                                                             0x05D5       1
counter                                                                           0x05D6       1
wathchdog_counter                                                                 0x05D7       2
_seed                                                                             0x05D9       4

EEPROM Allocation [bytes]
Variable                                                                          Address   Size
------------------------------------------------------------------------------------------------

Register Allocation
Variable                                                                          Register  Size
------------------------------------------------------------------------------------------------
sample_ready_flag                                                                 R5           1
zeroAdjusting                                                                     R4           1
startSendingDiffValues                                                            R7           1
stopSendingDiffValues                                                             R6           1
flewValueChanged                                                                  R9           1
reade2prom1                                                                       R8           1
reade2prom2                                                                       R11          1
db_monitoring                                                                     R10          1
offset_changed                                                                    R13          1
send_offset                                                                       R12          1
rx_buffer_overflow                                                                R2.0      1bit

FLASH Allocation [words]
Function                                                                          Address   Size
------------------------------------------------------------------------------------------------
read_adc                                                                          0x002D2     17
spi_sampling                                                                      0x002E3     59
ext_int1_isr                                                                      0x0031E    193
usart_rx_isr                                                                      0x003DF     45
timer0_ovf_isr                                                                    0x0040C     21
timer1_compa_isr                                                                  0x00421    115
timer2_comp_isr                                                                   0x00494    200
process_rx_buffer                                                                 0x0055C    206
send_f                                                                            0x0062A     43
sendParamsFloat                                                                   0x00655     86
read_eeprom_values                                                                0x006AB    304
init                                                                              0x007DB     72
enable_watchdog                                                                   0x00823      3
time2_init                                                                        0x00826      9
main                                                                              0x0082F   1665
processSerialNumber                                                               0x00EB0     63
processCalibrationChanged                                                         0x00EEF    151
processCalibrationApplied                                                         0x00F86     83
read_eeprom_Program1                                                              0x00FD9     59
read_eeprom_Program2                                                              0x01014     87
processCuttOff                                                                    0x0106B    177
processGenerateFout                                                               0x0111C     14
memcpy                                                                            0x0112A     18
memset                                                                            0x0113C     16
strchr                                                                            0x0114C     13
strcpyf                                                                           0x01159     13
strlen                                                                            0x01166     12
strlenf                                                                           0x01172     13
putchar                                                                           0x0117F      7
put_usart_G102                                                                    0x01186     10
put_buff_G102                                                                     0x01190     58
_ftoe_G102                                                                        0x011CA    209
_print_G102                                                                       0x0129B    538
sprintf                                                                           0x014B5     46
printf                                                                            0x014E3     31
abs                                                                               0x01502     10
fabs                                                                              0x0150C      8
atoi                                                                              0x01514     55
atol                                                                              0x0154B     70
ftoa                                                                              0x01591    192
atof                                                                              0x01651    250
spi                                                                               0x0174B      8
ftrunc                                                                            0x01753     49
floor                                                                             0x01784     14
ceil                                                                              0x01792     13
isdigit                                                                           0x0179F      9
isspace                                                                           0x017A8     11
